---
source: tests/behaviour_harness.rs
expression: crate_names
---
- actor-runtime-template
- benchmarks
- checkpoint-template
- example-crate
- example-registry-pattern
- example-storage-pattern
- hello_world
- hybrid-storage-template
- mcp-server-template
- rust-2026-template
- sample-app
- xtask
